[2023-12-09T18:24:42.163+0000][gc] Using G1
[2023-12-09T18:24:42.177+0000][gc,init] Version: 17.0.9+8-LTS (release)
[2023-12-09T18:24:42.177+0000][gc,init] CPUs: 2 total, 2 available
[2023-12-09T18:24:42.177+0000][gc,init] Memory: 7929M
[2023-12-09T18:24:42.177+0000][gc,init] Large Page Support: Disabled
[2023-12-09T18:24:42.177+0000][gc,init] NUMA Support: Disabled
[2023-12-09T18:24:42.177+0000][gc,init] Compressed Oops: Enabled (32-bit)
[2023-12-09T18:24:42.177+0000][gc,init] Heap Region Size: 1M
[2023-12-09T18:24:42.177+0000][gc,init] Heap Min Capacity: 1G
[2023-12-09T18:24:42.177+0000][gc,init] Heap Initial Capacity: 1G
[2023-12-09T18:24:42.177+0000][gc,init] Heap Max Capacity: 1G
[2023-12-09T18:24:42.177+0000][gc,init] Pre-touch: Disabled
[2023-12-09T18:24:42.177+0000][gc,init] Parallel Workers: 2
[2023-12-09T18:24:42.177+0000][gc,init] Concurrent Workers: 1
[2023-12-09T18:24:42.177+0000][gc,init] Concurrent Refinement Workers: 2
[2023-12-09T18:24:42.177+0000][gc,init] Periodic GC: Disabled
[2023-12-09T18:24:42.183+0000][gc,metaspace] CDS archive(s) mapped at: [0x00007f1483000000-0x00007f1483bc6000-0x00007f1483bc6000), size 12345344, SharedBaseAddress: 0x00007f1483000000, ArchiveRelocationMode: 1.
[2023-12-09T18:24:42.183+0000][gc,metaspace] Compressed class space mapped at: 0x00007f1484000000-0x00007f14c4000000, reserved size: 1073741824
[2023-12-09T18:24:42.183+0000][gc,metaspace] Narrow klass base: 0x00007f1483000000, Narrow klass shift: 0, Narrow klass range: 0x100000000
[2023-12-09T18:25:03.098+0000][gc,heap,exit] Heap
[2023-12-09T18:25:03.098+0000][gc,heap,exit]  garbage-first heap   total 1048576K, used 36274K [0x00000000c0000000, 0x0000000100000000)
[2023-12-09T18:25:03.098+0000][gc,heap,exit]   region size 1024K, 35 young (35840K), 0 survivors (0K)
[2023-12-09T18:25:03.098+0000][gc,heap,exit]  Metaspace       used 13993K, committed 14208K, reserved 1114112K
[2023-12-09T18:25:03.098+0000][gc,heap,exit]   class space    used 1900K, committed 1984K, reserved 1048576K
