[2023-12-09T18:30:26.762+0000][gc] Using G1
[2023-12-09T18:30:26.771+0000][gc,init] Version: 17.0.9+8-LTS (release)
[2023-12-09T18:30:26.771+0000][gc,init] CPUs: 2 total, 2 available
[2023-12-09T18:30:26.771+0000][gc,init] Memory: 7929M
[2023-12-09T18:30:26.771+0000][gc,init] Large Page Support: Disabled
[2023-12-09T18:30:26.771+0000][gc,init] NUMA Support: Disabled
[2023-12-09T18:30:26.771+0000][gc,init] Compressed Oops: Enabled (32-bit)
[2023-12-09T18:30:26.771+0000][gc,init] Heap Region Size: 1M
[2023-12-09T18:30:26.771+0000][gc,init] Heap Min Capacity: 512M
[2023-12-09T18:30:26.771+0000][gc,init] Heap Initial Capacity: 512M
[2023-12-09T18:30:26.771+0000][gc,init] Heap Max Capacity: 512M
[2023-12-09T18:30:26.771+0000][gc,init] Pre-touch: Disabled
[2023-12-09T18:30:26.771+0000][gc,init] Parallel Workers: 2
[2023-12-09T18:30:26.771+0000][gc,init] Concurrent Workers: 1
[2023-12-09T18:30:26.771+0000][gc,init] Concurrent Refinement Workers: 2
[2023-12-09T18:30:26.771+0000][gc,init] Periodic GC: Disabled
[2023-12-09T18:30:26.777+0000][gc,metaspace] CDS archive(s) mapped at: [0x00007f139f000000-0x00007f139fbc6000-0x00007f139fbc6000), size 12345344, SharedBaseAddress: 0x00007f139f000000, ArchiveRelocationMode: 1.
[2023-12-09T18:30:26.777+0000][gc,metaspace] Compressed class space mapped at: 0x00007f13a0000000-0x00007f13e0000000, reserved size: 1073741824
[2023-12-09T18:30:26.777+0000][gc,metaspace] Narrow klass base: 0x00007f139f000000, Narrow klass shift: 0, Narrow klass range: 0x100000000
